// Jest Snapshot v1, https://goo.gl/fbAQLP

exports[`CounterComponent create snapshot test 1`] = `
<div>
  <p>
    Count: 
    0
  </p>
  <button
    onClick={[Function]}
  >
    Increment
  </button>
</div>
`;
